// Jest Snapshot v1, https://goo.gl/fbAQLP

exports[`snapshots match 1`] = `
<DocumentFragment>
  <div
    class="App"
  >
    <div>
      <div>
        <form>
          <div
            class="height"
          >
            <label
              for="height"
            >
              Height
            </label>
            <input
              id="height"
              name="height"
              type="text"
              value=""
            />
          </div>
          <div
            class="width"
          >
            <label
              for="width"
            >
              Width
            </label>
            <input
              id="width"
              name="width"
              type="text"
              value=""
            />
          </div>
          <div
            class="color"
          >
            <label
              for="color"
            >
              Color
            </label>
            <input
              id="color"
              name="color"
              type="text"
              value=""
            />
          </div>
          <button
            id="newBoxButton"
          >
            Add a box
          </button>
        </form>
      </div>
    </div>
  </div>
</DocumentFragment>
`;
